100 structures
                         count    mean     std    min      5%     25%     50%     75%      95%      max
Q                        100.0  57.336  48.538  8.000  16.900  29.500  48.000  68.000  114.912  376.000
R_paw_mean               100.0   1.236   0.175  0.723   0.896   1.164   1.260   1.352    1.465    1.588
R_paw_min                100.0   1.048   0.225  0.582   0.794   0.804   1.058   1.217    1.376    1.588
R_paw_max                100.0   1.459   0.159  0.804   1.217   1.416   1.482   1.588    1.640    1.746
acc_e_per_Q              100.0   0.085   0.017  0.051   0.062   0.074   0.085   0.094    0.118    0.150
dep_e_per_Q              100.0   0.088   0.018  0.051   0.063   0.077   0.087   0.095    0.126    0.158
acc_core                 100.0   0.634   0.179  0.185   0.348   0.529   0.653   0.765    0.885    0.955
dep_core                 100.0   0.710   0.195  0.226   0.312   0.577   0.747   0.859    0.938    0.970
vol_core                 100.0   0.127   0.043  0.041   0.067   0.092   0.126   0.154    0.192    0.272
acc_bond                 100.0   0.309   0.150  0.043   0.094   0.202   0.277   0.411    0.578    0.719
dep_bond                 100.0   0.205   0.141  0.030   0.055   0.105   0.162   0.259    0.502    0.670
vol_bond                 100.0   0.597   0.135  0.228   0.373   0.493   0.622   0.705    0.783    0.805
acc_int                  100.0   0.057   0.067  0.000   0.000   0.003   0.034   0.092    0.182    0.326
dep_int                  100.0   0.085   0.095  0.000   0.000   0.003   0.057   0.140    0.274    0.445
vol_int                  100.0   0.276   0.172  0.010   0.053   0.128   0.252   0.417    0.559    0.731
acc_inside_paw           100.0   0.802   0.116  0.361   0.568   0.762   0.829   0.869    0.956    0.998
dep_inside_paw           100.0   0.856   0.175  0.319   0.507   0.789   0.919   0.991    1.000    1.000
abs_inside_paw           100.0   0.829   0.108  0.504   0.587   0.767   0.866   0.909    0.946    0.985
m1_numerator_inside_paw  100.0   0.671   0.151  0.316   0.395   0.559   0.679   0.790    0.877    0.954
vol_inside_paw           100.0   0.486   0.180  0.145   0.207   0.341   0.482   0.629    0.765    0.860
bond_shell_inside_paw    100.0   0.575   0.212  0.003   0.155   0.447   0.585   0.741    0.880    1.000
