60 structures (shells)
    descriptor          shells  median_abs_change  p90_abs_change  spearman
0   f_bond_def     abs_0.6_1.3              0.197           0.312     0.255
1   f_bond_def     abs_1.0_1.8              0.069           0.184     0.802
2   f_bond_def     abs_0.8_2.0              0.029           0.106     0.966
3   f_bond_def  scaled_0.6_1.3              0.052           0.195     0.770
4    f_int_def     abs_0.6_1.3              0.069           0.237     0.924
5    f_int_def     abs_1.0_1.8              0.028           0.105     0.759
6    f_int_def     abs_0.8_2.0              0.029           0.106     0.470
7    f_int_def  scaled_0.6_1.3              0.042           0.173    -0.453
8   f_bond_dep     abs_0.6_1.3              0.059           0.273     0.594
9   f_bond_dep     abs_1.0_1.8              0.049           0.109     0.840
10  f_bond_dep     abs_0.8_2.0              0.062           0.194     0.905
11  f_bond_dep  scaled_0.6_1.3              0.062           0.133     0.670
40 structures (ZVAL)
promolecule electrons minus cell electrons, default ZVAL: median -20.800840864824774 max 119.98081055784945
     descriptor  median_rel  p90_rel  max_rel  spearman
0        m1_def      0.0733   0.1286   0.3569    0.8090
1        m2_def      0.0545   0.2608   0.3635    0.8463
2  sigma_r2_def      0.3770   0.5622   0.6305    0.4679
3    f_bond_def      0.1814   0.6089   0.9990    0.2467
4     f_int_def      0.6490   0.7530   1.0000    0.6874
5    f_bond_dep      0.5155   0.9783   1.0000    0.3785
6  def_polarity      0.5487   0.6420   0.8047   -0.0381
              count    mean     std     min     50%     90%     max
descriptor                                                         
def_polarity   30.0  0.0131  0.0146  0.0000  0.0094  0.0293  0.0613
f_bond_def     30.0  0.0061  0.0077  0.0001  0.0035  0.0118  0.0400
f_bond_dep     30.0  0.0250  0.0271  0.0001  0.0191  0.0534  0.1109
f_int_def      30.0  0.0230  0.0705  0.0000  0.0046  0.0159  0.3543
m1_def         30.0  0.0131  0.0143  0.0002  0.0099  0.0289  0.0579
m2_def         30.0  0.0129  0.0143  0.0001  0.0090  0.0291  0.0578
sigma_r2_def   30.0  0.0146  0.0137  0.0001  0.0090  0.0323  0.0526
