   alpha_s  m1_spin  m1_spin_exact  sigma_r2_spin  sigma_r2_spin_exact  f_bond_spin  f_bond_spin_exact  spin_charge_correlation  spin_charge_correlation_exact
0     0.50  1.59577        1.59577        0.45352              0.45352      0.36523            0.36505                  0.91614                        0.91614
1     0.75  1.30294        1.30294        0.30235              0.30235      0.47406            0.47359                  0.98475                        0.98475
2     1.00  1.12838        1.12838        0.22676              0.22676      0.52237            0.52160                  1.00000                        1.00000
3     1.50  0.92131        0.92132        0.15118              0.15117      0.51015            0.50887                  0.96995                        0.96995
4     2.00  0.79788        0.79788        0.11339              0.11338      0.43682            0.43525                  0.91568                        0.91568
5     3.00  0.65146        0.65147        0.07560              0.07559      0.27720            0.27560                  0.80632                        0.80632
6     4.00  0.56418        0.56419        0.05670              0.05669      0.16410            0.16278                  0.71600                        0.71600
7     6.00  0.46064        0.46066        0.03782              0.03779      0.05378            0.05310                  0.58596                        0.58596
8     8.00  0.39891        0.39894        0.02837              0.02835      0.01692            0.01663                  0.49877                        0.49877
   box_A  spin_charge_correlation  spin_charge_correlation_exact  m1_spin
0    7.0                  0.80805                        0.80805  0.65146
1    8.0                  0.80730                        0.80730  0.65146
2   10.0                  0.80661                        0.80661  0.65146
3   12.0                  0.80632                        0.80632  0.65146
4   14.0                  0.80617                        0.80617  0.65146
5   16.0                  0.80609                        0.80609  0.65146
   mu_B_sublattice  spin_frustration  spin_frustration_exact  mu_site_std  mu_site_std_exact  M_net_per_atom  sum_mu_minus_M
0             1.00           0.00000                 0.00000        0.000              0.000           1.000             0.0
1             0.75           0.00000                 0.00000        0.125              0.125           0.875            -0.0
2             0.50           0.00000                 0.00000        0.250              0.250           0.750            -0.0
3             0.25           0.00000                 0.00000        0.375              0.375           0.625            -0.0
4             0.00           0.00000                 0.00000        0.500              0.500           0.500            -0.0
5            -0.25           0.40000                 0.40000        0.625              0.625           0.375            -0.0
6            -0.50           0.66667                 0.66667        0.750              0.750           0.250             0.0
7            -0.75           0.85714                 0.85714        0.875              0.875           0.125             0.0
8            -1.00           1.00000                 1.00000        1.000              1.000           0.000            -0.0
   p_interstitial  m1_spin  sigma_r2_spin  f_bond_spin  mu_site_std  spin_frustration  spin_charge_correlation  M_abs_per_atom  M_net_per_atom
0             0.0   0.4607         0.0378       0.0528          0.0               0.0                   0.7415          1.0000          1.0000
1             0.5   0.5319         0.1326       0.0551          0.0               0.0                   0.7359          1.0531          0.9375
2             1.0   0.5979         0.2101       0.0599          0.0               0.0                   0.7304          1.1093          0.8750
3             2.0   0.7126         0.3227       0.0698          0.0               0.0                   0.7190          1.2240          0.7500
4             4.0   0.8880         0.4429       0.0876          0.0               0.0                   0.6953          1.4574          0.5000
5             6.0   1.0151         0.4907       0.1018          0.0               0.0                   0.6699          1.6935          0.2501
6             7.5   1.0892         0.5035       0.1107          0.0               0.0                   0.6499          1.8716          0.0626
7             8.5   1.1313         0.5057       0.1158          0.0               0.0                   0.6361          1.9907          0.0624
8            10.0   1.1856         0.5032       0.1227          0.0               0.0                   0.6147          2.1698          0.2499
