150 structures
                            count    mean     std     min      5%     25%     50%     75%      95%      max
n_atoms                     150.0  7.7067  6.0218  2.0000  2.4500  4.0000  6.0000  9.0000  16.0000  40.0000
abs_inside_paw              150.0  0.9248  0.0901  0.4177  0.7961  0.9162  0.9513  0.9736   0.9908   0.9946
vol_inside_paw              150.0  0.5027  0.1400  0.1554  0.2967  0.3949  0.4928  0.6214   0.7244   0.8413
abs_core                    150.0  0.7255  0.1566  0.1074  0.3891  0.6786  0.7613  0.8257   0.9049   0.9303
abs_bond                    150.0  0.2339  0.1112  0.0677  0.0817  0.1614  0.2100  0.2768   0.4751   0.5690
abs_int                     150.0  0.0406  0.0685  0.0009  0.0016  0.0071  0.0190  0.0468   0.1240   0.5326
negative_share              150.0  0.1911  0.3020  0.0000  0.0008  0.0246  0.0533  0.1510   0.9875   0.9979
identity_residual           150.0 -0.0000  0.0000 -0.0000 -0.0000 -0.0000 -0.0000  0.0000   0.0000   0.0000
top_mu                      150.0  2.1831  1.7801  0.0067  0.1195  0.6812  1.9829  3.2277   5.7125   7.1121
df_share_of_site_moments    150.0  0.9440  0.1236  0.0000  0.7813  0.9433  0.9830  0.9982   1.0000   1.0000
m1_spin                     150.0  0.6782  0.1480  0.4918  0.5316  0.5884  0.6449  0.7215   0.9485   1.4449
f_bond_spin                 150.0  0.2339  0.1112  0.0677  0.0817  0.1614  0.2100  0.2768   0.4751   0.5690
mu_site_std                 150.0  0.9482  0.8181  0.0000  0.0339  0.2902  0.7979  1.3810   2.6440   3.3901
spin_frustration            150.0  0.0929  0.1749  0.0000  0.0000  0.0000  0.0177  0.1230   0.4401   0.9979
spin_charge_correlation     150.0  0.7159  0.2402 -0.0201  0.1980  0.5876  0.7459  0.9103   0.9870   0.9990
f_bond_spin@abs_0.6_1.3     150.0  0.4298  0.0869  0.2435  0.3050  0.3863  0.4124  0.4580   0.6262   0.7496
f_bond_spin@abs_1.0_1.8     150.0  0.1473  0.1246  0.0141  0.0265  0.0707  0.1206  0.1745   0.4036   0.7049
f_bond_spin@scaled_0.6_1.3  150.0  0.1748  0.1377  0.0090  0.0233  0.0711  0.1540  0.2242   0.4884   0.6872
mu_site_std@becke           150.0  0.9370  0.8119  0.0000  0.0330  0.2854  0.7833  1.3717   2.6012   3.3475
spin_frustration@becke      150.0  0.0881  0.1739  0.0000  0.0000  0.0000  0.0058  0.1130   0.4389   0.9979
mu_site_std@power           150.0  0.9664  0.8311  0.0000  0.0351  0.2939  0.8051  1.3738   2.6982   3.4288
spin_frustration@power      150.0  0.1003  0.1750  0.0000  0.0000  0.0000  0.0264  0.1410   0.3784   0.9974
mu_site_std@hirshfeld       150.0  0.9161  0.8083  0.0000  0.0312  0.2640  0.7718  1.3394   2.5734   3.3851
spin_frustration@hirshfeld  150.0  0.0711  0.1637  0.0000  0.0000  0.0000  0.0000  0.0744   0.3630   0.9976
top_element
Mn    19
Nd    12
Er    12
Fe    12
Co    10
Pr     8
Ho     7
Dy     6
Ce     6
Tb     5
Tm     5
Sm     4
Gd     4
Ni     4
V      4
