     alpha_B  m1_site_std  m1_within_element_var  m1_between_element_var  f_bond_site_std  f_bond_within_element_var  f_bond_between_element_var  zeta_site_std  zeta_within_element_var  zeta_between_element_var  m1_identity_residual  f_bond_identity_residual  zeta_identity_residual
0  8.000e-01    1.129e-01              3.176e-29               1.275e-02        6.964e-02                  1.049e-29                   4.850e-03      1.782e-02                2.972e-29                 3.175e-04             5.204e-18                 3.469e-18               5.421e-20
1  1.000e+00    9.372e-02              4.957e-29               8.784e-03        6.880e-02                  3.886e-29                   4.734e-03      1.555e-02                1.718e-30                 2.419e-04             8.674e-18                 0.000e+00               0.000e+00
2  1.250e+00    6.945e-02              1.047e-28               4.824e-03        5.861e-02                  3.295e-29                   3.435e-03      1.014e-02                6.217e-29                 1.028e-04            -6.072e-18                 4.337e-18               0.000e+00
3  1.500e+00    4.503e-02              6.463e-30               2.028e-03        4.198e-02                  2.655e-30                   1.762e-03      5.491e-03                1.137e-28                 3.015e-05            -1.735e-18                -1.735e-18               0.000e+00
4  1.750e+00    2.161e-02              3.714e-29               4.672e-04        2.176e-02                  4.002e-30                   4.734e-04      2.139e-03                5.478e-29                 4.577e-06             1.247e-18                -9.216e-19               0.000e+00
5  2.000e+00    2.437e-15              5.929e-30               2.465e-32        1.501e-15                  2.248e-30                   7.704e-33      4.581e-15                2.094e-29                 4.930e-32            -1.233e-32                -1.541e-33               0.000e+00
6  2.500e+00    3.697e-02              1.511e-29               1.367e-03        4.294e-02                  2.317e-30                   1.844e-03      1.914e-03                2.233e-29                 3.663e-06            -3.036e-18                -4.337e-19               0.000e+00
7  3.000e+00    6.637e-02              9.633e-30               4.406e-03        8.081e-02                  7.423e-31                   6.531e-03      2.262e-03                3.249e-30                 5.115e-06             3.469e-18                -8.674e-19               0.000e+00
8  3.500e+00    8.991e-02              2.520e-29               8.084e-03        1.120e-01                  1.249e-29                   1.254e-02      2.126e-03                1.859e-29                 4.520e-06             0.000e+00                 0.000e+00               0.000e+00
9  4.000e+00    1.091e-01              1.274e-29               1.190e-02        1.368e-01                  1.489e-31                   1.871e-02      2.027e-03                4.145e-29                 4.107e-06             3.469e-18                -3.469e-18               0.000e+00
10 5.000e+00    1.386e-01              2.617e-29               1.921e-02        1.710e-01                  6.512e-31                   2.924e-02      1.760e-03                2.459e-29                 3.097e-06             1.735e-17                 6.939e-18               0.000e+00
   alpha_defect  m1_site_std  m1_within_element_var  m1_between_element_var  f_bond_site_std  f_bond_within_element_var  f_bond_between_element_var  zeta_site_std  zeta_within_element_var  zeta_between_element_var
0     1.000e+00    7.785e-02              5.527e-03               5.328e-04        4.606e-02                  1.823e-03                   2.987e-04      6.382e-03                1.632e-05                 2.441e-05
1     1.250e+00    5.440e-02              2.661e-03               2.982e-04        3.895e-02                  1.302e-03                   2.152e-04      3.654e-03                5.193e-06                 8.162e-06
2     1.500e+00    3.374e-02              1.012e-03               1.263e-04        2.784e-02                  6.648e-04                   1.102e-04      1.835e-03                1.281e-06                 2.086e-06
3     1.750e+00    1.570e-02              2.173e-04               2.917e-05        1.442e-02                  1.783e-04                   2.959e-05      6.930e-04                1.853e-07                 2.949e-07
4     2.000e+00    2.437e-15              5.929e-30               2.465e-32        1.501e-15                  2.248e-30                   7.704e-33      4.581e-15                2.094e-29                 4.930e-32
5     2.250e+00    1.368e-02              1.632e-04               2.383e-05        1.448e-02                  1.799e-04                   2.990e-05      4.994e-04                1.457e-07                 1.037e-07
6     2.500e+00    2.563e-02              5.714e-04               8.547e-05        2.843e-02                  6.932e-04                   1.152e-04      7.734e-04                3.717e-07                 2.264e-07
7     3.000e+00    4.542e-02              1.788e-03               2.754e-04        5.349e-02                  2.453e-03                   4.081e-04      9.275e-04                5.488e-07                 3.114e-07
8     3.500e+00    6.109e-02              3.227e-03               5.054e-04        7.412e-02                  4.710e-03                   7.839e-04      8.351e-04                4.242e-07                 2.732e-07
9     4.000e+00    7.381e-02              4.704e-03               7.441e-04        9.052e-02                  7.025e-03                   1.169e-03      7.741e-04                3.516e-07                 2.476e-07
         m1_site_std  m1_within_element_var  m1_between_element_var  f_bond_site_std  f_bond_within_element_var  f_bond_between_element_var  zeta_site_std  zeta_within_element_var  zeta_between_element_var
sigma_A                                                                                                                                                                                                      
0.00       6.637e-02              9.633e-30               4.406e-03        8.081e-02                  7.423e-31                   6.531e-03      2.262e-03                3.249e-30                 5.115e-06
0.02       6.636e-02              2.284e-09               4.404e-03        8.079e-02                  4.012e-07                   6.527e-03      2.274e-03                5.371e-09                 5.166e-06
0.05       6.634e-02              1.116e-08               4.401e-03        8.050e-02                  1.243e-06                   6.480e-03      2.286e-03                6.034e-09                 5.220e-06
0.10       6.623e-02              6.712e-08               4.387e-03        8.068e-02                  1.291e-06                   6.508e-03      2.354e-03                2.006e-08                 5.528e-06
0.15       6.596e-02              2.693e-07               4.351e-03        8.040e-02                  9.495e-07                   6.463e-03      2.496e-03                8.019e-08                 6.167e-06
0.20       6.563e-02              7.657e-07               4.306e-03        8.024e-02                  2.707e-06                   6.436e-03      2.688e-03                2.262e-07                 7.039e-06
0.25       6.525e-02              1.808e-06               4.256e-03        7.923e-02                  1.959e-06                   6.276e-03      2.924e-03                5.405e-07                 8.090e-06
