/home/shubham/pydemi/docs/heterogeneity_descriptors/scripts/dataset_table.py:55: PerformanceWarning: DataFrame is highly fragmented.  This is usually the result of calling `frame.insert` many times, which has poor performance.  Consider joining all columns at once using pd.concat(axis=1) instead. To get a de-fragmented frame, use `newframe = frame.copy()`
  df["id"] = df["path"].str.split("/").str[-2]
6059 structures
                             count     mean      std      min       5%      50%      95%       max
m1_site_std                 6059.0  0.13145  0.07338  0.00000  0.01672  0.13037  0.25433   0.37371
m1_site_range               6059.0  0.31272  0.17388  0.00000  0.03941  0.31134  0.60456   0.90844
m1_site_max                 6059.0  1.10940  0.18270  0.50312  0.79315  1.12272  1.39238   1.66277
m1_site_min                 6059.0  0.79669  0.14301  0.49718  0.61295  0.78586  1.06846   1.62578
m1_within_element_var       5638.0  0.00002  0.00009  0.00000  0.00000  0.00000  0.00010   0.00214
m1_between_element_var      6059.0  0.02264  0.02140  0.00000  0.00025  0.01700  0.06468   0.13966
f_bond_site_std             6059.0  0.11288  0.06335  0.00000  0.01363  0.11139  0.21939   0.32123
f_bond_site_range           6059.0  0.26928  0.15084  0.00000  0.03172  0.26742  0.52290   0.71890
f_bond_site_max             6059.0  0.64350  0.12521  0.13045  0.40079  0.65683  0.82819   0.89309
f_bond_site_min             6059.0  0.37422  0.12329  0.05536  0.21178  0.35753  0.59385   0.77654
f_bond_within_element_var   5638.0  0.00002  0.00012  0.00000  0.00000  0.00000  0.00012   0.00206
f_bond_between_element_var  6059.0  0.01673  0.01574  0.00000  0.00017  0.01239  0.04810   0.10319
zeta_site_std               6059.0  0.06713  0.06663  0.00000  0.00126  0.04446  0.20263   0.34436
zeta_site_range             6059.0  0.15729  0.15381  0.00000  0.00297  0.10246  0.45721   0.69292
zeta_site_max               6059.0  0.16841  0.15426  0.00013  0.00860  0.11601  0.46439   0.70687
zeta_site_min               6059.0  0.01113  0.01907  0.00000  0.00067  0.00635  0.03431   0.41918
zeta_within_element_var     5638.0  0.00009  0.00053  0.00000  0.00000  0.00000  0.00033   0.01628
zeta_between_element_var    6059.0  0.00886  0.01392  0.00000  0.00000  0.00195  0.04090   0.11858
mu_site_std                 6059.0  0.31132  0.68906  0.00000  0.00000  0.00000  2.05151   4.19130
mu_site_range               6059.0  0.71366  1.55587  0.00000  0.00000  0.00000  4.69500  11.71151
mu_site_max                 6059.0  0.64067  1.47835 -1.31724  0.00000  0.00000  4.58871   7.45961
mu_site_min                 6059.0 -0.07299  0.50853 -7.19235 -0.19565  0.00000  0.02587   5.00000
mu_within_element_var       5899.0  0.01167  0.28474  0.00000  0.00000  0.00000  0.00001  17.14592
mu_between_element_var      6059.0  0.56029  1.65722  0.00000  0.00000  0.00000  4.06266  13.54731
all sites equivalent per element: 4142
one site per element (within NaN): 421
