200 of 200 structures
               descriptor       scheme   n   median      p95      max  spearman  n_nonorthogonal
                     zeta          fd4 200  0.00013  0.00119  0.00349         1              200
                     zeta          fd2 200  0.00465   0.0163   0.0429         1              200
                      lnf          fd4 200 0.000343  0.00666    0.176         1              200
                      lnf          fd2 200  0.00203   0.0157     0.24     0.999              200
                      lnf fft_diagonal 200   0.0664    0.371    0.698     0.891              138
      lnf_charge_weighted          fd4 200 0.000163  0.00174   0.0187         1              200
      lnf_charge_weighted          fd2 200  0.00129  0.00573   0.0186     0.999              200
      lnf_charge_weighted fft_diagonal 200   0.0219    0.132    0.339      0.86              138
lap_concentration_valence          fd4 200 9.49e-05  0.00789        1     0.999              200
lap_concentration_valence          fd2 200  0.00159   0.0483        1     0.997              200
lap_concentration_valence fft_diagonal 200   0.0511    0.891        1     0.969              138
           ellip_bond_avg          fd4 200    0.245    0.799    0.964     0.716              200
           ellip_bond_avg          fd2 200    0.233    0.819    0.988     0.625              200
           ellip_bond_std          fd4 200    0.639     0.97    0.996     0.469              200
           ellip_bond_std          fd2 200    0.622    0.966    0.999      0.42              200
             f_H_negative          fd4 200  0.00013  0.00181   0.0119         1              200
             f_H_negative          fd2 200 0.000572  0.00718   0.0253         1              200
             f_H_negative fft_diagonal 200   0.0267    0.248    0.444     0.889              138
              H_bond_mean          fd4 200 2.33e-05 0.000723  0.00486         1              200
              H_bond_mean          fd2 200 0.000809  0.00643   0.0694         1              200
              H_bond_mean fft_diagonal 200   0.0425    0.533     1.77     0.948              138
               G_over_rho          fd4 200  1.5e-05 0.000127  0.00106         1              200
               G_over_rho          fd2 200 0.000488  0.00268   0.0193         1              200
               G_over_rho fft_diagonal 200   0.0646    0.256    0.713     0.953              138
          f_ELF_localized          fd4 200 0.000828   0.0176   0.0937         1              200
          f_ELF_localized          fd2 200  0.00441    0.103    0.425     0.999              200
          f_ELF_localized fft_diagonal 200    0.062    0.496    0.777     0.968              138
             ELF_bond_avg          fd4 200 0.000103  0.00171   0.0194         1              200
             ELF_bond_avg          fd2 200  0.00111   0.0143   0.0419         1              200
             ELF_bond_avg fft_diagonal 200   0.0133    0.117    0.673     0.985              138
ELF_core_valence_contrast          fd4 200 0.000148  0.00169   0.0206         1              200
ELF_core_valence_contrast          fd2 200  0.00335   0.0198    0.047         1              200
ELF_core_valence_contrast fft_diagonal 200   0.0184    0.197    0.524     0.973              138
                 zeta_ELF          fd4 200    0.197    0.526    0.617     0.897              200
                 zeta_ELF          fd2 200    0.195    0.604    0.697     0.836              200
                 zeta_ELF fft_diagonal 200    0.238    0.601    0.754     0.816              138
                    f_NCI          fd4 200 0.000164  0.00161  0.00536         1              200
                    f_NCI          fd2 200  0.00266   0.0183   0.0325         1              200
           NCI_attractive          fd4 200  0.00137   0.0142        1         1              200
           NCI_attractive          fd2 200  0.00743   0.0421    0.543     0.999              200
    sign_lambda2_rho_mean          fd4 200  0.00604    0.116     1.42         1              200
    sign_lambda2_rho_mean          fd2 200   0.0263    0.286     1.15         1              200
         T_eigenvalues_t1          fd4 200 6.75e-06 7.67e-05 0.000196     0.996              200
         T_eigenvalues_t1          fd2 200 0.000195   0.0016   0.0032     0.974              200
         T_eigenvalues_t2          fd4 200 4.32e-06 4.81e-05 8.21e-05     0.979              200
         T_eigenvalues_t2          fd2 200  0.00015  0.00109  0.00187     0.903              200
         T_eigenvalues_t3          fd4 200 5.76e-06 7.84e-05 0.000156     0.999              200
         T_eigenvalues_t3          fd2 200 0.000168  0.00149  0.00372      0.98              200
                charge_FA          fd4 200  0.00597    0.843    0.972     0.997              200
                charge_FA          fd2 200    0.157    0.999        1     0.978              200
       fisher_information          fd4 200 8.76e-05 0.000483 0.000727         1              200
       fisher_information          fd2 200  0.00839   0.0191   0.0281         1              200
max |int lap| / int |lap| (fft): 5.38e-17
max |int lap| / int |lap| (fd): 5.07e-14
