30 structures, 88 descriptors
share of descriptors changing > 2%: median 0.199, range 0.114-0.364
descriptor
ellip_bond_std                   8.69e-01
f_bond_within_element_var        7.48e-01
zeta_within_element_var          6.61e-01
m1_within_element_var            6.33e-01
ellip_bond_avg                   4.48e-01
bond_charge_transfer_pair_mean   4.26e-01
zeta_ELF                         2.52e-01
n_saddle1                        1.95e-01
perc_anisotropy                  1.85e-01
n_saddle2                        1.71e-01
bond_charge_transfer_pair_std    1.01e-01
f_bond_dep                       1.91e-02
sign_lambda2_rho_mean            1.81e-02
zeta_site_min                    1.17e-02
zeta_between_element_var         1.06e-02
m1_def                           9.86e-03
f_bond_between_element_var       9.49e-03
def_polarity                     9.37e-03
m2_def                           9.01e-03
sigma_r2_def                     9.00e-03
f_bond_site_range                7.61e-03
m1_between_element_var           6.59e-03
zeta_site_std                    5.92e-03
f_bond_site_std                  5.89e-03
zeta_site_range                  5.64e-03
NCI_attractive                   5.48e-03
f_ELF_localized                  5.18e-03
zeta                             5.18e-03
lap_concentration_valence        4.79e-03
f_int_def                        4.63e-03
m1_site_range                    4.44e-03
zeta_site_max                    4.41e-03
m1_site_std                      3.54e-03
f_bond_def                       3.49e-03
f_bond_site_min                  3.18e-03
f_int                            2.70e-03
lnf                              2.35e-03
f_bond                           2.21e-03
H_bond_mean                      2.14e-03
lnf_charge_weighted              1.80e-03
rho_min_ratio                    1.77e-03
rho_min                          1.77e-03
f_bond_site_max                  1.40e-03
ELF_core_valence_contrast        1.37e-03
rho_perc_b                       1.29e-03
rho_perc_a                       1.21e-03
f_core                           1.08e-03
f_H_negative                     1.03e-03
f_NCI                            1.00e-03
rho_perc_c                       8.59e-04
rho_int_mean                     6.44e-04
ELF_bond_avg                     5.91e-04
m1_site_min                      5.25e-04
G_over_rho                       4.80e-04
V_int_min                        2.44e-04
m1_site_max                      2.05e-04
rho_mid_std                      8.09e-05
sigma_r2                         6.85e-05
m2                               4.81e-05
fisher_information               3.43e-05
rho_mid_mean                     1.62e-05
m1                               1.40e-05
charge_FA                        8.04e-06
V_spread                         7.14e-08
shannon_entropy                  5.96e-08
LMC_complexity                   5.12e-08
T_eigenvalues_t1                 2.54e-08
T_eigenvalues_t3                 2.09e-08
T_eigenvalues_t2                 2.08e-08
disequilibrium                   1.33e-09
lap_concentration                2.22e-16
M_abs_per_atom                   0.00e+00
Q_NNM                            0.00e+00
M_net_per_atom                   0.00e+00
mu_site_min                      0.00e+00
m1_spin                          0.00e+00
f_bond_spin                      0.00e+00
mu_site_max                      0.00e+00
mu_between_element_var           0.00e+00
n_max                            0.00e+00
n_NNM                            0.00e+00
mu_within_element_var            0.00e+00
mu_site_range                    0.00e+00
mu_site_std                      0.00e+00
n_min                            0.00e+00
spin_frustration                 0.00e+00
sigma_r2_spin                    0.00e+00
spin_charge_correlation          0.00e+00
