200 structures
                  count   mean     std    min     5%    25%    50%    75%     95%      max
n_voxels_a        200.0  5.120  15.677  1.000  1.000  1.000  2.000  4.000  16.000  192.000
r_a               200.0  1.183   0.299  0.458  0.766  0.993  1.165  1.337   1.661    2.297
r_over_Rpaw_a     200.0  1.021   0.353  0.416  0.583  0.770  0.965  1.175   1.776    2.329
midpointness_a    200.0  0.135   0.155  0.000  0.000  0.023  0.068  0.190   0.469    0.561
pair_over_dmin_a  200.0  1.115   0.262  1.000  1.000  1.000  1.001  1.074   1.641    2.581
n_voxels_b        200.0  5.035  15.646  1.000  1.000  1.000  2.000  4.000  12.200  192.000
r_b               200.0  1.205   0.305  0.458  0.787  1.002  1.186  1.369   1.744    2.297
r_over_Rpaw_b     200.0  1.033   0.351  0.416  0.593  0.790  0.981  1.179   1.827    2.329
midpointness_b    200.0  0.126   0.148  0.000  0.000  0.024  0.063  0.157   0.464    0.561
pair_over_dmin_b  200.0  1.123   0.255  1.000  1.000  1.000  1.003  1.102   1.634    2.581
n_voxels_c        200.0  4.990  15.662  1.000  1.000  1.000  2.000  4.000  16.000  192.000
r_c               200.0  1.262   0.318  0.458  0.770  1.045  1.245  1.459   1.766    2.235
r_over_Rpaw_c     200.0  1.050   0.339  0.501  0.600  0.810  1.001  1.179   1.760    2.055
midpointness_c    200.0  0.120   0.148  0.000  0.000  0.016  0.055  0.150   0.467    0.561
pair_over_dmin_c  200.0  1.180   0.352  1.000  1.000  1.000  1.034  1.242   1.673    4.226
rmin_over_Rpaw    200.0  0.517   0.853  0.000  0.000  0.000  0.024  1.060   2.449    4.401
rho_min < 0: 0.61  rho_min inside PAW: 0.735
supercell max |diff|: 0.0
sheared a1+a2: 48 structures; rel change of the a-level median 0.0002110350864152874 max 0.012039892539648876 ; b, c unchanged: 0.09752098404887433
